[2025-02-27T23:00:34.307-0600][gc,init] CardTable entry size: 512
[2025-02-27T23:00:34.307-0600][gc     ] Using G1
[2025-02-27T23:00:34.308-0600][gc,init] Version: 21.0.6 (release)
[2025-02-27T23:00:34.308-0600][gc,init] CPUs: 8 total, 8 available
[2025-02-27T23:00:34.308-0600][gc,init] Memory: 24576M
[2025-02-27T23:00:34.308-0600][gc,init] Large Page Support: Disabled
[2025-02-27T23:00:34.308-0600][gc,init] NUMA Support: Disabled
[2025-02-27T23:00:34.308-0600][gc,init] Compressed Oops: Enabled (Zero based)
[2025-02-27T23:00:34.308-0600][gc,init] Heap Region Size: 1M
[2025-02-27T23:00:34.308-0600][gc,init] Heap Min Capacity: 512M
[2025-02-27T23:00:34.308-0600][gc,init] Heap Initial Capacity: 512M
[2025-02-27T23:00:34.308-0600][gc,init] Heap Max Capacity: 512M
[2025-02-27T23:00:34.308-0600][gc,init] Pre-touch: Disabled
[2025-02-27T23:00:34.308-0600][gc,init] Parallel Workers: 8
[2025-02-27T23:00:34.308-0600][gc,init] Concurrent Workers: 2
[2025-02-27T23:00:34.308-0600][gc,init] Concurrent Refinement Workers: 8
[2025-02-27T23:00:34.308-0600][gc,init] Periodic GC: Disabled
[2025-02-27T23:00:34.311-0600][gc,metaspace] CDS archive(s) mapped at: [0x0000007000000000-0x0000007000c90000-0x0000007000c90000), size 13172736, SharedBaseAddress: 0x0000007000000000, ArchiveRelocationMode: 1.
[2025-02-27T23:00:34.311-0600][gc,metaspace] Compressed class space mapped at: 0x0000007001000000-0x0000007041000000, reserved size: 1073741824
[2025-02-27T23:00:34.311-0600][gc,metaspace] Narrow klass base: 0x0000007000000000, Narrow klass shift: 0, Narrow klass range: 0x100000000
[2025-02-27T23:00:34.813-0600][gc,start    ] GC(0) Pause Young (Normal) (G1 Evacuation Pause)
[2025-02-27T23:00:34.813-0600][gc,task     ] GC(0) Using 8 workers of 8 for evacuation
[2025-02-27T23:00:34.815-0600][gc,phases   ] GC(0)   Pre Evacuate Collection Set: 0.1ms
[2025-02-27T23:00:34.815-0600][gc,phases   ] GC(0)   Merge Heap Roots: 0.0ms
[2025-02-27T23:00:34.815-0600][gc,phases   ] GC(0)   Evacuate Collection Set: 1.7ms
[2025-02-27T23:00:34.815-0600][gc,phases   ] GC(0)   Post Evacuate Collection Set: 0.2ms
[2025-02-27T23:00:34.815-0600][gc,phases   ] GC(0)   Other: 0.2ms
[2025-02-27T23:00:34.815-0600][gc,heap     ] GC(0) Eden regions: 256->0(249)
[2025-02-27T23:00:34.815-0600][gc,heap     ] GC(0) Survivor regions: 0->7(32)
[2025-02-27T23:00:34.815-0600][gc,heap     ] GC(0) Old regions: 2->2
[2025-02-27T23:00:34.815-0600][gc,heap     ] GC(0) Humongous regions: 3->0
[2025-02-27T23:00:34.815-0600][gc,metaspace] GC(0) Metaspace: 11520K(11840K)->11520K(11840K) NonClass: 10200K(10368K)->10200K(10368K) Class: 1320K(1472K)->1320K(1472K)
[2025-02-27T23:00:34.815-0600][gc          ] GC(0) Pause Young (Normal) (G1 Evacuation Pause) 260M->7M(512M) 2.387ms
[2025-02-27T23:00:34.815-0600][gc,cpu      ] GC(0) User=0.01s Sys=0.01s Real=0.00s
[2025-02-27T23:00:35.092-0600][gc,start    ] GC(1) Pause Young (Normal) (G1 Evacuation Pause)
[2025-02-27T23:00:35.092-0600][gc,task     ] GC(1) Using 8 workers of 8 for evacuation
[2025-02-27T23:00:35.096-0600][gc,phases   ] GC(1)   Pre Evacuate Collection Set: 0.1ms
[2025-02-27T23:00:35.096-0600][gc,phases   ] GC(1)   Merge Heap Roots: 0.0ms
[2025-02-27T23:00:35.096-0600][gc,phases   ] GC(1)   Evacuate Collection Set: 3.0ms
[2025-02-27T23:00:35.096-0600][gc,phases   ] GC(1)   Post Evacuate Collection Set: 0.3ms
[2025-02-27T23:00:35.096-0600][gc,phases   ] GC(1)   Other: 0.0ms
[2025-02-27T23:00:35.096-0600][gc,heap     ] GC(1) Eden regions: 249->0(243)
[2025-02-27T23:00:35.096-0600][gc,heap     ] GC(1) Survivor regions: 7->13(32)
[2025-02-27T23:00:35.096-0600][gc,heap     ] GC(1) Old regions: 2->2
[2025-02-27T23:00:35.096-0600][gc,heap     ] GC(1) Humongous regions: 0->0
[2025-02-27T23:00:35.096-0600][gc,metaspace] GC(1) Metaspace: 18764K(19072K)->18764K(19072K) NonClass: 16589K(16768K)->16589K(16768K) Class: 2175K(2304K)->2175K(2304K)
[2025-02-27T23:00:35.096-0600][gc          ] GC(1) Pause Young (Normal) (G1 Evacuation Pause) 256M->14M(512M) 3.632ms
[2025-02-27T23:00:35.096-0600][gc,cpu      ] GC(1) User=0.03s Sys=0.00s Real=0.00s
[2025-02-27T23:00:35.317-0600][gc,start    ] GC(2) Pause Young (Concurrent Start) (Metadata GC Threshold)
[2025-02-27T23:00:35.317-0600][gc,task     ] GC(2) Using 8 workers of 8 for evacuation
[2025-02-27T23:00:35.320-0600][gc,phases   ] GC(2)   Pre Evacuate Collection Set: 0.1ms
[2025-02-27T23:00:35.320-0600][gc,phases   ] GC(2)   Merge Heap Roots: 0.0ms
[2025-02-27T23:00:35.320-0600][gc,phases   ] GC(2)   Evacuate Collection Set: 2.8ms
[2025-02-27T23:00:35.320-0600][gc,phases   ] GC(2)   Post Evacuate Collection Set: 0.3ms
[2025-02-27T23:00:35.320-0600][gc,phases   ] GC(2)   Other: 0.0ms
[2025-02-27T23:00:35.320-0600][gc,heap     ] GC(2) Eden regions: 224->0(240)
[2025-02-27T23:00:35.320-0600][gc,heap     ] GC(2) Survivor regions: 13->16(32)
[2025-02-27T23:00:35.320-0600][gc,heap     ] GC(2) Old regions: 2->2
[2025-02-27T23:00:35.320-0600][gc,heap     ] GC(2) Humongous regions: 0->0
[2025-02-27T23:00:35.320-0600][gc,metaspace] GC(2) Metaspace: 21209K(21504K)->21209K(21504K) NonClass: 18790K(18944K)->18790K(18944K) Class: 2419K(2560K)->2419K(2560K)
[2025-02-27T23:00:35.320-0600][gc          ] GC(2) Pause Young (Concurrent Start) (Metadata GC Threshold) 237M->16M(512M) 3.313ms
[2025-02-27T23:00:35.320-0600][gc          ] GC(3) Concurrent Mark Cycle
[2025-02-27T23:00:35.320-0600][gc,cpu      ] GC(2) User=0.03s Sys=0.00s Real=0.01s
[2025-02-27T23:00:35.320-0600][gc,marking  ] GC(3) Concurrent Scan Root Regions
[2025-02-27T23:00:35.322-0600][gc,marking  ] GC(3) Concurrent Scan Root Regions 2.442ms
[2025-02-27T23:00:35.322-0600][gc,marking  ] GC(3) Concurrent Mark
[2025-02-27T23:00:35.322-0600][gc,marking  ] GC(3) Concurrent Mark From Roots
[2025-02-27T23:00:35.322-0600][gc,task     ] GC(3) Using 2 workers of 2 for marking
[2025-02-27T23:00:35.323-0600][gc,marking  ] GC(3) Concurrent Mark From Roots 0.740ms
[2025-02-27T23:00:35.323-0600][gc,marking  ] GC(3) Concurrent Preclean
[2025-02-27T23:00:35.323-0600][gc,marking  ] GC(3) Concurrent Preclean 0.004ms
[2025-02-27T23:00:35.323-0600][gc,start    ] GC(3) Pause Remark
[2025-02-27T23:00:35.324-0600][gc          ] GC(3) Pause Remark 19M->19M(512M) 0.924ms
[2025-02-27T23:00:35.324-0600][gc,cpu      ] GC(3) User=0.01s Sys=0.00s Real=0.00s
[2025-02-27T23:00:35.324-0600][gc,marking  ] GC(3) Concurrent Mark 1.717ms
[2025-02-27T23:00:35.324-0600][gc,marking  ] GC(3) Concurrent Rebuild Remembered Sets and Scrub Regions
[2025-02-27T23:00:35.325-0600][gc,marking  ] GC(3) Concurrent Rebuild Remembered Sets and Scrub Regions 0.349ms
[2025-02-27T23:00:35.325-0600][gc,start    ] GC(3) Pause Cleanup
[2025-02-27T23:00:35.325-0600][gc          ] GC(3) Pause Cleanup 19M->19M(512M) 0.043ms
[2025-02-27T23:00:35.325-0600][gc,cpu      ] GC(3) User=0.00s Sys=0.00s Real=0.00s
[2025-02-27T23:00:35.325-0600][gc,marking  ] GC(3) Concurrent Clear Claimed Marks
[2025-02-27T23:00:35.325-0600][gc,marking  ] GC(3) Concurrent Clear Claimed Marks 0.005ms
[2025-02-27T23:00:35.325-0600][gc,marking  ] GC(3) Concurrent Cleanup for Next Mark
[2025-02-27T23:00:35.325-0600][gc,marking  ] GC(3) Concurrent Cleanup for Next Mark 0.640ms
[2025-02-27T23:00:35.325-0600][gc          ] GC(3) Concurrent Mark Cycle 5.311ms
[2025-02-27T23:00:35.445-0600][gc,start    ] GC(4) Pause Young (Prepare Mixed) (G1 Evacuation Pause)
[2025-02-27T23:00:35.445-0600][gc,task     ] GC(4) Using 8 workers of 8 for evacuation
[2025-02-27T23:00:35.448-0600][gc,phases   ] GC(4)   Pre Evacuate Collection Set: 0.1ms
[2025-02-27T23:00:35.449-0600][gc,phases   ] GC(4)   Merge Heap Roots: 0.0ms
[2025-02-27T23:00:35.449-0600][gc,phases   ] GC(4)   Evacuate Collection Set: 2.6ms
[2025-02-27T23:00:35.449-0600][gc,phases   ] GC(4)   Post Evacuate Collection Set: 0.3ms
[2025-02-27T23:00:35.449-0600][gc,phases   ] GC(4)   Other: 0.0ms
[2025-02-27T23:00:35.449-0600][gc,heap     ] GC(4) Eden regions: 240->0(237)
[2025-02-27T23:00:35.449-0600][gc,heap     ] GC(4) Survivor regions: 16->19(32)
[2025-02-27T23:00:35.449-0600][gc,heap     ] GC(4) Old regions: 2->2
[2025-02-27T23:00:35.449-0600][gc,heap     ] GC(4) Humongous regions: 0->0
[2025-02-27T23:00:35.449-0600][gc,metaspace] GC(4) Metaspace: 21444K(21760K)->21444K(21760K) NonClass: 18988K(19136K)->18988K(19136K) Class: 2455K(2624K)->2455K(2624K)
[2025-02-27T23:00:35.449-0600][gc          ] GC(4) Pause Young (Prepare Mixed) (G1 Evacuation Pause) 256M->19M(512M) 3.169ms
[2025-02-27T23:00:35.449-0600][gc,cpu      ] GC(4) User=0.02s Sys=0.00s Real=0.00s
[2025-02-27T23:00:35.804-0600][gc,start    ] GC(5) Pause Young (Mixed) (G1 Evacuation Pause)
[2025-02-27T23:00:35.804-0600][gc,task     ] GC(5) Using 8 workers of 8 for evacuation
[2025-02-27T23:00:35.809-0600][gc,phases   ] GC(5)   Pre Evacuate Collection Set: 0.1ms
[2025-02-27T23:00:35.809-0600][gc,phases   ] GC(5)   Merge Heap Roots: 0.0ms
[2025-02-27T23:00:35.809-0600][gc,phases   ] GC(5)   Evacuate Collection Set: 4.5ms
[2025-02-27T23:00:35.809-0600][gc,phases   ] GC(5)   Post Evacuate Collection Set: 0.5ms
[2025-02-27T23:00:35.809-0600][gc,phases   ] GC(5)   Other: 0.0ms
[2025-02-27T23:00:35.809-0600][gc,heap     ] GC(5) Eden regions: 237->0(240)
[2025-02-27T23:00:35.809-0600][gc,heap     ] GC(5) Survivor regions: 19->16(32)
[2025-02-27T23:00:35.809-0600][gc,heap     ] GC(5) Old regions: 2->7
[2025-02-27T23:00:35.809-0600][gc,heap     ] GC(5) Humongous regions: 0->0
[2025-02-27T23:00:35.809-0600][gc,metaspace] GC(5) Metaspace: 26594K(26880K)->26594K(26880K) NonClass: 23469K(23616K)->23469K(23616K) Class: 3125K(3264K)->3125K(3264K)
[2025-02-27T23:00:35.809-0600][gc          ] GC(5) Pause Young (Mixed) (G1 Evacuation Pause) 256M->23M(512M) 5.306ms
[2025-02-27T23:00:35.809-0600][gc,cpu      ] GC(5) User=0.03s Sys=0.00s Real=0.00s
[2025-02-27T23:00:36.140-0600][gc,heap,exit] Heap
[2025-02-27T23:00:36.140-0600][gc,heap,exit]  garbage-first heap   total 524288K, used 213996K [0x00000007e0000000, 0x0000000800000000)
[2025-02-27T23:00:36.140-0600][gc,heap,exit]   region size 1024K, 202 young (206848K), 16 survivors (16384K)
[2025-02-27T23:00:36.140-0600][gc,heap,exit]  Metaspace       used 34433K, committed 34816K, reserved 1114112K
[2025-02-27T23:00:36.140-0600][gc,heap,exit]   class space    used 4106K, committed 4288K, reserved 1048576K
